{
  "id": "sess_abc123",
  "agent_id": "claude-code-1",
  "namespace": "project/feature-x",
  "started_at": "2025-01-15T10:00:00Z",
  "ended_at": "2025-01-15T11:00:00Z",
  "status": "ended",
  "description": "Working on feature X",
  "pipeline_ref": {
    "id": 67890,
    "project": "services/loom-core",
    "ref": "feat/feature-x"
  },
  "entry_count": 42,
  "total_tokens": 8500
}
