{
  "active_agents": 2,
  "active_sessions": 3,
  "coordination": {
    "active_blockers": [],
    "attention_agents": [],
    "attention_lanes": [],
    "risky_namespaces": [],
    "summary": {
      "active_namespaces": 2,
      "agents_needing_attention": 0,
      "conflict_files": 0,
      "cross_agent_blockers": 0,
      "idle_claim_holders": 0,
      "namespaces_at_risk": 0,
      "orphan_tasks": 0,
      "shared_branches": 1
    },
    "top_relations": []
  },
  "daemon_running": true,
  "health": {
    "degraded_servers": 1,
    "down_servers": 1,
    "healthy_servers": 10,
    "idle_servers": 0,
    "total_servers": 12
  },
  "idle_agents": 1,
  "offline_agents": 0,
  "recent_timeline": [],
  "server_count": 12,
  "updated_at": "2025-01-15T10:30:00Z"
}
