{
  "sessions": [
    {
      "id": "sess_abc123",
      "agent_id": "claude-code-1",
      "namespace": "project/feature-x",
      "started_at": "2025-01-15T10:00:00Z",
      "status": "active",
      "description": "Working on feature X",
      "entry_count": 42,
      "total_tokens": 8500,
      "root_session_id": "sess_abc123"
    },
    {
      "id": "sess_sub_xyz",
      "agent_id": "claude-code-sub-1",
      "namespace": "project/feature-x",
      "started_at": "2025-01-15T10:20:00Z",
      "status": "active",
      "description": "Subagent exploring payment module",
      "entry_count": 8,
      "total_tokens": 1200,
      "parent_session_id": "sess_abc123",
      "root_session_id": "sess_abc123"
    },
    {
      "id": "sess_def456",
      "agent_id": "gemini-1",
      "namespace": "project/review",
      "started_at": "2025-01-15T09:00:00Z",
      "ended_at": "2025-01-15T09:45:00Z",
      "status": "ended",
      "description": "Code review session",
      "entry_count": 15,
      "total_tokens": 3200
    }
  ]
}
